---
source: src/pager.rs
expression: summary
---
total_lines: 44

line  0: segments=104 plain_chars=115  plain="▄▄▄▄▘▌▗▄▄▄▄▄▄▄▄▄▄▄▄▄▄▄▄▄▄▄▄▄▄▄▄▄▄▄▄▄▄▌▝▖▄▝▄▖▄▄▄▄▝▝▚▄▄▄▄▄▄▄▄▄▄▄▄▄▄▘▄▄▗▖▗▌▄▄▄▄▄▄▄▄▄▄▄▄▄▄▄▄▄▄▄▄▄▄▄▄▄▄▄▄▄▄▄▄▄▄▄▄▄▄▄▄▘▌▝"
line  1: segments=106 plain_chars=115  plain="▄▄▄▗▄▄▄▄▌▖▗▄▄▄▄▄▄▄▄▄▄▄▄▄▄▄▄▄▄▄▄▄▄▄▄▄▄▄▄▌▝▖▗▄▄▄▄▄▄▘▝▖▝▖▗▄▄▄▄▄▄▄▄▄▗▄▌▄▘▌▝▄▄▄▄▄▄▄▄▄▄▄▄▄▄▄▄▄▄▄▄▄▄▄▄▄▄▄▄▄▄▄▄▄▄▄▄▄▄▄▄▄▄▄▄"
line  2: segments=102 plain_chars=115  plain="▄▄▄▄▘▗▗▄▄▄▄▄▄▄▗▄▄▄▄▄▄▄▄▄▄▄▄▄▄▄▄▄▄▄▄▄▄▄▄▄▘▗▝▄▚▄▄▄▄▄▄▝▝▚▖▄▄▄▄▄▄▄▄▄▄▄▌▗▗▝▄▖▝▄▄▄▄▄▄▄▄▄▄▄▄▄▄▄▄▄▄▄▄▄▄▄▄▄▄▄▄▄▄▄▄▄▄▄▄▄▖▄▖▄▄"
line  3: segments=94  plain_chars=115  plain="▄▄▄▄▄▄▄▘▄▘▄▄▄▄▄▄▄▄▄▄▄▄▄▄▄▄▄▄▄▄▄▄▄▄▄▄▄▄▄▄▄▄▄▄▌▄▗▄▄▄▄▄▄▝▖▄▄▄▄▄▄▄▄▄▄▄▘▗▝▝▚▄▄▄▄▄▄▄▄▄▄▄▄▄▄▄▄▄▄▄▄▄▄▄▄▄▄▄▄▄▄▄▄▄▄▄▄▄▄▄▄▄▄▄▄"
line  4: segments=96  plain_chars=115  plain="▄▄▄▄▄▄▄▄▄▄▄▄▄▗▄▗▄▄▄▄▄▄▘▄▄▄▄▄▄▄▄▄▄▄▄▄▄▄▄▄▄▄▄▄▄▄▘▄▗▄▄▄▄▄▘▝▚▄▄▄▄▄▄▄▗▘▗▝▗▄▗▄▄▄▄▄▄▄▄▄▄▄▄▄▄▄▄▄▄▄▄▄▄▄▄▄▄▄▄▄▄▄▄▄▄▄▝▄▄▄▄▄▄▄▄"
line  5: segments=96  plain_chars=115  plain="▄▄▄▄▄▄▄▄▄▄▄▄▄▄▄▄▄▗▄ ▄▄▄▄▄▄▄▄▄▄▄▄▄▄▄▄▄▄▄▄▄▄▄▄▄▄▄▄▄▝▖▄▄▄▄▄▘▖▚▄▄▄▄▗▘▗▝▄▌▄▄▄▖▄▄▄▄▄▄▄▄▄▄▄▄▄▄▄▄▄▄▄▄▄▄▄▄▄▄▄▄▄▄▄▄▄▄▄▄▄▄▄▄▄▄"
line  6: segments=98  plain_chars=115  plain="▄▄▄▄▄▄▄▄▄▄▄▄▄▄▄▄▄▄▄▄▄▄▘▗▄▄▄▄▄▄▄▄▄▄▄▄▄▄▄▄▄▄▄▄▄▄▄▄▄▄▘▝▖▄▄▄▄▄▝▖▝▖▄▗▘▄▄▄▄▗▄▘▝▄▄▄▄▄▄▄▄▄▄▄▄▄▄▄▄▄▄▄▄▄▄▄▄▄▄▄▄▄▄▄▄▄▄▄▄▄▄▄▄▄▄"
line  7: segments=100 plain_chars=115  plain="▄▄▄▄▄▄▄▄▄▄▄▄▄▄▄▄▄▄▄▄▄▄▄▄▄▄▄▄▄▄▄▄▄▄▄▄▄▄▄▄▄▄▄▄▄▄▄▄▄▄▄▄▘▝▖▄▄▄▄▘▝▖▄▌▄▄▄▄▄▄▄▄▄▝▄▄▄▄▄▄▄▄▄▄▄▄▄▄▄▄▄▄▄▄▄▄▄▄▄▄▄▄▄▄▄▄▄▄▄▄▄▄▄▄▄"
line  8: segments=99  plain_chars=115  plain="▄▄▄▄▄▄▄▄▄▄▄▄▄▄▄▄▄▄▄▄▄▄▄▄▄▄▄▄▄▄▄▄▄▄▄▄▄▄▄▄▄▄▄▄▄▄▄▄▄▄▄▄▄▄▄▝▄▗▄▄▄▌▗▝▖▄▄▄▄▄▄▄▄▄▖▄▄▄▄▄▄▄▄▄▄▄▄▄▄▄▄▄▄▄▄▄▄▄▄▄▄▄▄▄▄▄▄▄▄▄▄▄▄▄▄"
line  9: segments=103 plain_chars=115  plain="▄▄▄▄▄▄▄▄▄▄▄▄▄▄▄▄▄▄▄▄▄▄▄▄▄▄▄▄▄▄▄▄▄▄▄▄▄▄▄▄▄▄▄▄▄▄▄▄▄▄▄▄▄▄▄▄▄▝▄▖▄▖▄▝▚▄▄▄▄▄▄▄▄▄▝▄▄▄▄▄▄▄▄▄▄▄▄▄▄▄▄▄▄▄▄▄▄▄▄▄▄▄▄▄▄▄▄▄▄▄▄▄▄▄▄"
line 10: segments=107 plain_chars=115  plain="▄▄▄▄▄▄▄▄▄▄▄▄▄▄▄▄▄▄▄▄▄▄▄▄▄▄▄▄▄▄▄▄▄▄▄▄▄▄▄▄▄▄▄▄▄▄▄▄▄▄▄▄▄▄▄▄▄▄▄▗▚▖▄▄▘▖▝▄▄▄▄▄▄▄▄▄▄▄▄▄▄▄▄▄▄▄▄▄▄▄▄▄▄▄▄▄▄▄▄▄▄▄▄▄▄▄▄▄▄▄▄▄▄▄▄"
line 11: segments=102 plain_chars=115  plain="▄▄▄▄▄▄▄▄▄▄▄▌▄▄▄▄▗▄▄▄▄▄▄▄▄▄▄▄▄▄▄▄▄▄▄▄▄▄▄▄▄▄▄▄▄▄▄▄▄▄▄▄▄▄▄▄▄▄▗▚▝▘▖▗▄▄▝▚▄▄▄▄▄▄▗▝▄▄▄▄▄▄▄▄▄▄▄▄▄▄▄▄▄▄▄▄▄▄▄▄▄▄▄▄▄▄▄▄▄▄▄▄▄▄▄"
line 12: segments=98  plain_chars=115  plain="▄▄▄▄▄▄▄▄▄▄▄▄▄▄▄▄▄▄▄▄▄▄▄▄▄▄▄▄▄▄▄▄▄▄▄▄▄▄▄▄▄▄▄▄▄▄▄▄▄▄▄▄▄▄▄▄▄▄▚▄▄▄▄▌▄▄▄▄▗▄▄▄▄▄▄▄▄▄▄▄▄▄▄▄▄▄▄▄▄▄▄▄▄▄▄▄▄▄▄▄▄▄▄▄▄▄▄▄▄▄▄▄▄▄▄"
line 13: segments=103 plain_chars=115  plain="▄▄▄▄▄▄▄▄▄▄▄▄▄▄▄▄▄▄▄▄▄▄▄▄▄▄▄▄▄▄▄▄▄▄▄▄▄▄▄▄▄▄▄▄▄▄▄▄▄▄▄▄▄▄▄▄▄▌▄▄▄▄▄▄▄▘▌▄▄▘▗▄▄▄▄▘▄▄▄▄▄▄▄▄▄▄▄▄▄▄▄▄▄▄▄▄▄▄▄▄▄▄▄▄▄▄▄▄▄▄▄▄▄▄▄"
line 14: segments=105 plain_chars=115  plain="▄▄▌▄▄▄▄▄▄▄▄▘▄▘▄▄▄▄▄▄▄▄▄▄▄▄▄▄▄▄▄▄▄▄▄▄▄▄▄▄▄▄▄▄▄▄▄▄▄▄▄▄▄▄▄▄▝▄▄▄▄▄▄▄▄▄▄▘▗▄▘▚▄▄▄▄▄▄▄▄▄▄▄▄▄▄▄▄▄▄▄▄▄▄▄▄▄▄▄▄▄▄▄▄▄▄▄▄▄▄▄▄▄▄▄"
line 15: segments=111 plain_chars=115  plain="▄▄▄▄▄▄▄▄▄▄▄▄▄▄▄▄▄▄▄▄▄▄▄▄▄▄▄▄▄▄▄▄▄▄▄▄▄▄▄▄▄▄▄▄▄▄▄▄▄▄▄▄▄▄▄▄▄▄▄▄▄▄▄▄▄▄▄▄▄▄▄▄▄▄▄▄▄▖▝▄▄▄▄▄▄▄▄▄▄▄▄▄▄▄▄▄▄▄▄▄▄▄▄▄▄▄▄▄▄▄▄▄▄▄▄"
line 16: segments=110 plain_chars=115  plain="▄▄▝▗▝▄▄▘▄▘ ▄▄▄▄▄▄▄▄▄▄▄▄▄▄▄▄▄▄▄▄▄▄▄▄▄▄▄▄▄▄▄▄▄▄▄▄▄▄▄▄▄▄▄▄▄▄▄▄▄▄▄▄▄▄▄▄▄▄▄▄▄▄▄▄▄▄▄▄▄▄▄▄▄▄▄▄▄▄▄▄▄▄▄▄▄▄▄▄▄▄▄▄▄▄▄▄▄▄▄▄▄▄▄▄"
line 17: segments=112 plain_chars=115  plain="▄▄▄▄▄▄▄▄▄▄▄▄▄▄▄▄▄▄▄▄▄▄▄▄▄▄▄▄▄▄▄▄▄▄▄▄▄▄▄▄▄▄▄▄▄▄▄▄▄▄▄▄▄▄▄▄▄▄▄▄▄▄▄▄▄▄▄▄▝▄▄▄▄▄▄▄▄▄▄▄▄▄▄▄▄▄▄▄▄▄▄▄▄▄▄▄▄▄▄▄▄▄▄▄▄▄▄▄▄▄▄▄▄▄▄"
line 18: segments=112 plain_chars=115  plain="▄▄▄▄▄▄▄▄▄▄▄▄▄▄▄▄▄▄▄▄▄▄▄▄▄▄▄▄▄▄▄▄▄▄▄▄▄▄▄▄▄▄▄▄▄▄▄▄▄▄▄▄▄▄▄▄▄▄▄▄▄▄▄▄▄▄▄▄▄▄▄▄▄▄▄▄▄▄▄▄▄▄▄▄▄▄▄▄▄▄▄▄▄▄▄▄▄▄▄▄▄▄▄▄▄▄▄▄▄▄▄▄▄▄▄"
line 19: segments=113 plain_chars=115  plain="▄▄▄▄▄▄▄▄▄▄▄▄▄▄▄▄▄▄▄▄▄▄▄▄▄▄▄▄▄▄▄▄▄▄▄▄▄▄▄▄▄▄▄▄▄▄▄▄▄▄▄▄▄▄▄▄▄▄▄▄▄▄▄▄▄▄▄▄▄▄▄▄▄▄▄▄▄▄▄▄▄▄▄▄▄▄▄▄▄▄▄▄▄▄▄▄▄▄▄▄▄▄▄▄▄▄▄▄▄▄▄▄▄▄▄"
line 20: segments=115 plain_chars=115  plain="▄▄▄▄▄▄▄▄▄▄▄▄▄▄▄▖▄▄▄▄▄▄▄▄▄▄▄▄▄▄▄▄▄▄▄▄▄▄▄▄▄▄▄▄▄▄▄▄▄▄▄▄▄▄▄▄▄▄▄▄▄▄▄▄▄▄▄▄▄▄▄▄▄▄▄▄▄▄▄▄▄▄▄▄▄▄▄▄▄▄▄▄▄▄▄▄▄▄▄▄▄▄▄▄▄▄▄▄▄▄▄▄▄▄▄"
line 21: segments=115 plain_chars=115  plain="▄▄▄▄▄▄▄▄▄▄▄▄▄▄▄▄▄▄▄▄▄▄▄▄▄▄▄▄▄▄▄▄▄▄▄▄▄▄▄▄▄▄▄▄▄▄▄▄▄▄▄▄▄▄▄▄▄▄▄▄▄▄▄▄▄▄▄▄▄▄▄▄▄▄▄▄▄▄▄▄▄▄▄▄▄▄▄▄▄▄▄▄▄▄▄▄▄▄▄▄▄▄▄▄▄▄▄▄▄▄▄▄▄▄▄"
line 22: segments=115 plain_chars=115  plain="▌▝▘▄▄▖▄▝▄▄▖▗▘▘▄▄▘▖▄▘▚▘▄▄▄▄▄▄▄▖▗▌▄▌▄▌▚▝▗▄▄▄▘▗▄▄▄▄▚▝▌▝▄▝▄▗▘▗▖▌▝▄▄▄▄▄▄▄▄▄▌▌▌▌▝▄▄▗▄▄▄▄▄▄▄▄▄▄▄▄▄▘▄▄▗▗▄▖▄▄▄▄▄▖▗▄▖▖▌▄▄▝▝▌▘"
line 23: segments=115 plain_chars=115  plain="▖▄▄▘▄▝▄▗▖▘▚▝▌▌▖▘▝▗▚▄▄▖▄▄▄▄▄▗▄▘▄▖▄▄▄▄▄▄▄▄▄▄▄▝▄▄▄▄▘▄▄▗▄▄▗▘▌▗▄▖▄▝▄▄▌▄▘▄▄▄▄▄▄▄▄▗▄▖▄▄▝▖▌▌▌▖▗▄▗▄▄▘▌▌▖▌▄▝▌▄▖▄▄▌▝▖▌▌▌▗▖▄▄▄▄"
line 24: segments=115 plain_chars=115  plain="▗▗▄▄▝▄▖▗▝▖▝▌▝▌▘▗▄▚▘▗▘▄▄▄▄▄▄▌▄▘▄▝▄▄▄▄▄▄▚▄▄▝▖▌▚▄▘▌▄▄▚▄▚▌▌▗▌▌▌▌▖▘▝▝▄▄▄▘▄▘▄▖▖▄▝▘▗▝▄▄▄▄▄▄▄▄▘▌▌▝▖▄▝▘▖▝▌▌▌▌▄▌▝▄▄▌▌▗▌▖▗▖▌▘▄"
line 25: segments=115 plain_chars=115  plain="▌▗▖▝▖▄▝▝▗▄▄▌▌▘▄▝▘▄▄▄▄▄▘▄▖▄▌▌▘▗▄▌▘▄▄▘▝▝▘▌▌▝▄▄▗▄▘▄▄▄▄▝▘▝▄▌▘▌▝▌▚▄▄▄▌▄▄▄▄▄▝▝▄▝▄▄▗▝▘▗▄▄▄▄▄▄▄▄▄▄▄▄▄▄▄▄▄▄▖▄▘▄▄▄▄▄▄▄▄▘▌▚▌▄▖"
line 26: segments=115 plain_chars=115  plain="▘▌▄▄▄▖▄▄▝▄▖▌▌▘▌▄▄▌▝▄▄▄▗▗▄▄▝▄▄▝▄▄▘▄▄▘▄▄▄▄▄▘▄▄▄▝▄▄▄▖▌▌▄▄▗▌▝▘▄▄▝▌▄▄▄▄▄▄▄▄▄▄▄▄▄▄▄▄▘▄▄▄▄▄▄▄▄▘▄▄▖▄▌▝▝▄▄▄▖▘▄▄▄▄▄▄▗▄▝▌▘▝▄▄▄"
line 27: segments=115 plain_chars=115  plain="▄▄▄▄▄▝▘▝▝▘▄▌▘▌▄▝▄▄▘▌▌▘▌▘▗▘▄▖▖▗▄▘▄▄▄▄▄▘▄▄▄▚▄▘▄▘▘▄▗▗▄▘▄▗▘▘▘▘▖▝▌▌▖▄▄▄▝▗▖▄▝▄▘▄▖▄▄▖▄▄▗▖▖▖▝▄▌▖▄▄▝▄▄▗▖▌▝▝▄▄▘▄▌▄▄▄▄▄▘▄▝▄▄▄▖"
line 28: segments=115 plain_chars=115  plain="▄▌▄▖▄▗▄▘▖▝▝▌▘▚▗▄▌▄▗▗▘▌▖▘▗▄▄▄▚▄▘▗▖▝▚▄▄▄▚▗▄▄▘▄▄▄▗▘▘▄▄▄▄▗▌▄▖▗▄▗▖▌▝▄▄▄▄▄▗▄▄▄▄▄▄▄▄▄▄▄▄▘▌▄▗▄▄▄▄▄▄▄▗▖▄▖▗▄▄▄▄▄▄▌▖▄▄▄▄▝▄▄▄▄▘"
line 29: segments=115 plain_chars=115  plain="▄▄▄▄▄▗▄▝▝▌▘▌▝▝▄▄▄▄▄▄▄▄▚▗▄▄▗▄▄▗▘▌▄▄▄▝▄▄▚▄▘▄▄▄▄▄▗▗▄▄▖▄▗▘▘▗▖▌▖▝▗▚▝▖▗▄▄▄▄▄▘▝▝▖▝▄▝▖▄▖▄▄▝▄▗▄▄▄▌▄▄▄▄▄▄▘▖▄▖▄▄▄▄▘▗▄▄▄▄▄▄▄▄▄▄"
line 30: segments=115 plain_chars=115  plain="▄▝▖▗▝▗▝▄▝▝▝▌▗▘▗▌▄▄▗▄▄▄▘▗▖▄▘▌▗▄▘▄▘▄▗▄▄▘▄▄▗▄▄▗▚▘▘▗▝▗▄▌▌▌▌▌▗▌▘▄▗▌▖▖▖▄▘▝▄▗▄▄▌▄▘▖▝▄▝▄▚▖▄▝▄▝▄▖▖▝▄▄▝▄▖▝▝▖▝▖▄▄▖▖▄▄▄▘▄▄▗▄▄▄▚"
line 31: segments=114 plain_chars=115  plain="▄▄▖▄▘▌▝▝▗▝▘▝▄▄▄▄▘▄▄▗▄▄▄▌▘▗▄▘▄▘▗▘▗▚▄▘▄▖▌▄▄▗▗▗▘▚▖▝▄▄▄▗▘▘▘▘▘▌▗▄▝▄▚▝▝▖▄▄▄▄▗▄▄▖▖▄▘▌▗▄▄▝▖▄▖▄▝▄▝▄▖▝▄▄▝▌▝▄▝▖▖▚▘▄▄▄▗▄▗▗▌▄▄▄▄"
line 32: segments=115 plain_chars=115  plain="▄▗▄▌▗▄▖▗▗▚▖▗▄▝▗▄▄▄▚▌▗▘▗▄▚▄▘▗▘▗▄▗▘▌▘▗▘▗▄▄▗▖▄▗▄▗▘▗▄▄▗▘▌▗▚▝▘▌▘▌▌▗▌▖▝▖▄▄▘▄▘▝▄▝▄▌▖▄▘▝▗▄▄▝▄▚▖▄▄▝▄▚▄▖▝▝▖▄▄▌▗▝▄▖▚▖▗▌▄▄▘▖▄▗▌"
line 33: segments=115 plain_chars=115  plain="▖▗▄▄▄▄▄▄▄▘▗▄▄▄▌▘▄▄▗▗▄▚▄▘▗▄▘▗▖▄▗▝▘▖▘▖▄▄▗▄▄▘▚▚▘▝▄▄▄▝▗▚▘▗▌▄▖▌▗▄▝▗▄▝▝▖▖▄▄▝▄▘▗▄▄▄▖▄▖▄▝▖▗▝▄▝▝▄▄▖▄▄▝▄▘▄▖▝▘▝▄▄▄▝▄▖▗▄▚▌▖▌▖▄▖"
line 34: segments=114 plain_chars=115  plain="▄▄▄▖▗▄▄▄▗▖▘▄▄▄▝▚▄▄▚▄▘▗▄▘▗▄▗▘▄▄▘▘▗▖▄▄▗▗▚▘▘▄▗▘▄▘▄▄▝▗▌▌▘▌▌▗▘▌▗▄▄▝▝▖▖▝▝▖▄▄▄▖ ▗ ▖▝▝▚▖▄▄▝▄▗▄▄▚▝▄▚▖▗▖▚▝▄▘▄▄▗▝▘▄▄▖▝▄▄▖▝▝▄▘▖"
line 35: segments=115 plain_chars=115  plain="▝▌▗▗▗▄▄▄▄▘▄▄▗▄▄▚▄▘▄▗▄▌▗▄▄▚▄▄▘▖▗▘▝▄▖▗▄▘▘▚▚▘▌▄▄▘▄▌▗▌▗▘▘▌▗▄▌▌▄▌▌▗▄▖▌▖▌▌▖▝▄▄▄▌▗▄▄▄▝▝▄▖▄▄▌▄▄▝▄▖▝▝▄▄▖▄▚▄▝▄▘▄▄▖▖▄▝▄▄▗▖▄▄▗▌"
line 36: segments=114 plain_chars=115  plain="▄▗▄▚▄▄▘▄▘▗▄▄▗▄▘▖▄▄▚▗▄▚▘▗▚▄▘▖▗▖ ▄▄▗▗▌▌▘▝▄▘▝▄▄▄▄▖▄▗▌▌▗▌▌▌▌▄▌▌▝▗▌▌▖▖▖▝▖▖▄▄▄▄▄▄▗▘▗▄▝▝▖▖▗▄▄▌▄▄▄▄▖▄▝▄▚▖▗▄▖▝▝▄▄▄▄▄▄▝▝▄▄▘▄▄"
line 37: segments=114 plain_chars=115  plain="▄▘▖▄▄▄▗▄▄▝▄▘▌▗▄▄▄▗▄▄▘▄▚▘▘▄▚▌▘▄▄▗▗▄▗▌▗▌▘▗▘▖▄▄▄▄▝▗▘▗▘▗▘▌▌▌▄▌▚▌▘▄▌▝▌▌▖▝▝▖▝▄▄▄▄▄▖▗▌▄▄▄▝▚▖▄▄▄▝▖▗▗▝▄▄▝▝▄▄▖▄▄▘▌▝▝▄▄▄▖▗▘▄▝▄"
line 38: segments=112 plain_chars=115  plain="▄▌▘▗▄▄▝▄▘▘▗▄▄▗▗▄▚▄▚▄▄▘▄▗▌ ▗▝▄▄▌▗▚▘▘▝▘▄▄▘ ▄▄▄▄▄▄▌▌▌▄▌▘▝▄▌▚▌▄▘▝▘▗▄▖▖▌▝▌▌▖▄▄▗▄▄▄▗▘▘▄▝▄▝▄▄▖▄▄▖▌▖▗▖▝▄▚▚▝▄▚▄▖▄▄▖▝▝▝▄▄▄▄▄▄"
line 39: segments=110 plain_chars=115  plain="▗▄▄▄▄▘▖▝▗▄▘▄▗▄▄▘▘▗▝▘▗▝▘▌▄▗▗▘▌▗▄▄▗▘▘▖▄▄▝▘▗▗▘▘▝▝▗▗▗▘▗▗▌▌▖▘▝▌▘▌▗▖▌▌▝▖▝▖▝▖▖▝▄▄▝▄▄▄▝▗▗▄▄▝▄▝▚▖▖▄▄▄▝▖▘ ▝▄▚▖▝▝▄▄▖▄▄▖▄▄▄▝▄▗▄"
line 40: segments=114 plain_chars=115  plain="▄▄▘▘▄▄▄▘▄▗▄▚▄▘▚▗▄▄▖▄▌▄ ▝▄▄▗▗▗▚▘▄▗▘▌▝▝▖ ▘▄▄▘▖▝▗▘▘▌▄▌▌▌▌▌▗▗▌▘▗▌▄▝▌▝▌▝▌▝▌▝▖▄▄▄▄▄▖▄ ▗▘▗ ▄▄▝▝▄▖▄▄▝▝▌▖ ▖▄▄▖▖▄▝▄▚▄▖▄▄▚▝▖▄▝"
line 41: segments=109 plain_chars=115  plain="▄▖▖▗▄▚▄▗▄▄▘▘▚▝▄▘▄▘▌▗▘ ▄▄▖▌▗▄▄▗▘▄▘▘▘▝▝▖▄▄▗ ▄ ▌▗▌▗▘▗▄▘▌▌▌▄▗▗▄▝▄▖▝▌▌▌▖▝▖▝▖▝▖ ▄▄▘▝▄▄▗▘▘▗▄▄▝▌▝▘▖▄▄▄▄▄▝▖▗▖▘▝▄▄▖▝▝▄▄▖▗▄▄▖▘"
line 42: segments=109 plain_chars=115  plain="▗▄▘▄▗▄▖▄▘▄▗▗▄▗▖▘▌▖▗▄▄▄▄▗▄▗▚▘▗▚▘▌▌▌▘▝▄▄▘▄▘  ▚▗▘▘▌▄▗▗▗▝▄▖▌▌▝▄▄▄▄▝▗▄▄▖▌▌▝▝▖▖▖▖ ▝▄▘▄▄▄▘▗▄▄▄▄▄▄▄▌▖▌▄▝▝▗▌▄▗▚ ▄▄▚▖▄▝▄▚▄▖▄▄"
line 43: segments=0   plain_chars=0    plain=""
